I



> polling = read.csv("PollingData.csv")
> str(polling)
'data.frame':	145 obs. of  7 variables:
 $ State     : Factor w/ 50 levels "Alabama","Alaska",..: 1 1 2 2 3 3 3 4 4 4 ...
 $ Year      : int  2004 2008 2004 2008 2004 2008 2012 2004 2008 2012 ...
 $ Rasmussen : int  11 21 NA 16 5 5 8 7 10 NA ...
 $ SurveyUSA : int  18 25 NA NA 15 NA NA 5 NA NA ...
 $ DiffCount : int  5 5 1 6 8 9 4 8 5 2 ...
 $ PropR     : num  1 1 1 1 1 ...
 $ Republican: int  1 1 1 1 1 1 1 1 1 1 ...
> table (polling$Year)

2004 2008 2012 
  50   50   45 
> polling
             State Year Rasmussen SurveyUSA DiffCount      PropR Republican
1          Alabama 2004        11        18         5 1.00000000          1
2          Alabama 2008        21        25         5 1.00000000          1
3           Alaska 2004        NA        NA         1 1.00000000          1
4           Alaska 2008        16        NA         6 1.00000000          1
5          Arizona 2004         5        15         8 1.00000000          1
6          Arizona 2008         5        NA         9 1.00000000          1
7          Arizona 2012         8        NA         4 0.83333333          1
8         Arkansas 2004         7         5         8 1.00000000          1
9         Arkansas 2008        10        NA         5 1.00000000          1
10        Arkansas 2012        NA        NA         2 1.00000000          1
11      California 2004       -11       -11        -8 0.00000000          0
12      California 2008       -27       -24        -5 0.00000000          0
13      California 2012        NA       -14        -6 0.00000000          0
14        Colorado 2004         5         3         9 1.00000000          1
15        Colorado 2008        -4        NA       -15 0.00000000          0
16        Colorado 2012         3        -2        -5 0.30769231          0
17     Connecticut 2004        NA        NA        -3 0.00000000          0
18     Connecticut 2008       -17       -16        -4 0.00000000          0
19     Connecticut 2012        -7       -13        -8 0.00000000          0
20        Delaware 2004        NA        NA        -2 0.00000000          0
21        Delaware 2008       -15       -30        -4 0.00000000          0
22         Florida 2004         3         1         0 0.50000000          1
23         Florida 2008         1        -3       -13 0.15789474          0
24         Florida 2012         2         0         6 0.66666667          0
25         Georgia 2004        NA        12         4 1.00000000          1
26         Georgia 2008         5         7         9 1.00000000          1
27         Georgia 2012        NA         8         4 1.00000000          1
28          Hawaii 2004        NA        NA         2 0.75000000          0
29          Hawaii 2008       -41        NA        -1 0.00000000          0
30          Hawaii 2012        NA        NA        -2 0.00000000          0
31           Idaho 2004        NA        NA         1 1.00000000          1
32           Idaho 2008        39        NA         1 1.00000000          1
33           Idaho 2012        NA        NA         1 1.00000000          1
34        Illinois 2004       -11       -12        -5 0.00000000          0
35        Illinois 2008       -22        NA        -5 0.00000000          0
36        Illinois 2012        NA        NA        -5 0.00000000          0
37         Indiana 2004        NA        19         3 1.00000000          1
38         Indiana 2008         3         0         2 0.62500000          0
39         Indiana 2012         9        NA         3 1.00000000          1
40            Iowa 2004         2        -3         5 0.66666667          1
41            Iowa 2008        -8       -15        -8 0.00000000          0
42            Iowa 2012         1        NA        -2 0.40000000          0
43          Kansas 2004        NA        23         3 1.00000000          1
44          Kansas 2008        13        21         2 1.00000000          1
45          Kansas 2012        NA         9         1 1.00000000          1
46        Kentucky 2004        NA        21         3 1.00000000          1
47        Kentucky 2008        12        16         5 1.00000000          1
48        Kentucky 2012        NA        14         1 1.00000000          1
49       Louisiana 2004        NA        NA         5 1.00000000          1
50       Louisiana 2008        16        NA         2 1.00000000          1
51       Louisiana 2012        NA        NA         2 1.00000000          1
52           Maine 2004        NA        -8        -6 0.00000000          0
53           Maine 2008       -13       -15        -6 0.00000000          0
54           Maine 2012       -12        NA        -6 0.00000000          0
55        Maryland 2004        -3       -11        -6 0.00000000          0
56        Maryland 2008       -23        NA        -1 0.00000000          0
57        Maryland 2012        NA        NA        -4 0.00000000          0
58   Massachusetts 2004        NA        NA        -2 0.00000000          0
59   Massachusetts 2008       -28       -17        -4 0.00000000          0
60   Massachusetts 2012       -19        NA        -8 0.00000000          0
61        Michigan 2004        NA        NA        -2 0.00000000          0
62        Michigan 2008       -10        NA       -11 0.13333333          0
63        Michigan 2012        -5        NA       -10 0.08333333          0
64       Minnesota 2004        -1        NA        -7 0.18181818          0
65       Minnesota 2008       -12        -3       -14 0.00000000          0
66       Minnesota 2012        -5       -11        -5 0.14285714          0
67     Mississippi 2004        NA        NA         1 1.00000000          1
68     Mississippi 2008         8        NA         4 1.00000000          1
69     Mississippi 2012        NA        NA         1 1.00000000          1
70        Missouri 2004         5         5         8 1.00000000          1
71        Missouri 2008         0         0         4 0.83333333          1
72        Missouri 2012        11         7         8 1.00000000          1
73         Montana 2004        NA        NA         3 1.00000000          1
74         Montana 2008         4        NA         4 0.75000000          1
75         Montana 2012        10        NA         5 1.00000000          1
76        Nebraska 2004        NA        NA         2 1.00000000          1
77        Nebraska 2008        19        NA         1 1.00000000          1
78        Nebraska 2012        NA        NA         2 1.00000000          1
79          Nevada 2004         2         8         9 1.00000000          1
80          Nevada 2008        -4        NA        -9 0.09090909          0
81          Nevada 2012        -2        -4       -10 0.00000000          0
82   New Hampshire 2004        -2        NA        -5 0.22222222          0
83   New Hampshire 2008        -7       -11       -14 0.00000000          0
84   New Hampshire 2012        -2        NA        -8 0.00000000          0
85      New Jersey 2004       -12       -12        -8 0.00000000          0
86      New Jersey 2008       -15       -10        -9 0.00000000          0
87      New Jersey 2012        NA       -14        -9 0.00000000          0
88      New Mexico 2004         4        NA         2 0.62500000          1
89      New Mexico 2008       -10        -7        -6 0.00000000          0
90      New Mexico 2012       -11        NA        -5 0.00000000          0
91        New York 2004        -5       -18        -6 0.00000000          0
92        New York 2008       -20       -33        -5 0.00000000          0
93        New York 2012        NA       -29        -5 0.00000000          0
94  North Carolina 2004        12         8         7 1.00000000          1
95  North Carolina 2008         1         1        -5 0.33333333          0
96  North Carolina 2012         6         5         3 0.66666667          1
97    North Dakota 2004        NA        NA         2 1.00000000          1
98    North Dakota 2008        14        NA         0 0.50000000          1
99    North Dakota 2012        14        NA         4 1.00000000          1
100           Ohio 2004         4         2         3 0.60000000          1
101           Ohio 2008         0        -2       -16 0.10000000          0
102           Ohio 2012         0        -5       -16 0.00000000          0
103       Oklahoma 2004        34        30         4 1.00000000          1
104       Oklahoma 2008        31        24         2 1.00000000          1
105       Oklahoma 2012        NA        NA         1 1.00000000          1
106         Oregon 2004        -8        -3        -8 0.10000000          0
107         Oregon 2008       -12       -19        -9 0.00000000          0
108         Oregon 2012        NA        -7        -4 0.00000000          0
109   Pennsylvania 2004        -2        -1       -12 0.12500000          0
110   Pennsylvania 2008        -6        -9       -19 0.00000000          0
111   Pennsylvania 2012        -5         0       -13 0.00000000          0
112   Rhode Island 2004        NA       -13        -2 0.00000000          0
113   Rhode Island 2008       -19        NA        -1 0.00000000          0
114   Rhode Island 2012        NA        NA        -2 0.00000000          0
115 South Carolina 2004        NA        18         4 1.00000000          1
116 South Carolina 2008        11         8         5 1.00000000          1
117 South Carolina 2012        NA        NA         1 1.00000000          1
118   South Dakota 2004        10        NA         4 1.00000000          1
119   South Dakota 2008         9        NA         4 1.00000000          1
120   South Dakota 2012        NA        NA         1 1.00000000          1
121      Tennessee 2004         6        18         7 1.00000000          1
122      Tennessee 2008        12        NA         5 1.00000000          1
123      Tennessee 2012        NA        NA         1 1.00000000          1
124          Texas 2004        NA        22         2 1.00000000          1
125          Texas 2008        10        NA         5 1.00000000          1
126          Texas 2012        NA        NA         4 1.00000000          1
127           Utah 2004        NA        NA         3 1.00000000          1
128           Utah 2008        32        NA         3 1.00000000          1
129           Utah 2012        NA        NA         1 1.00000000          1
130        Vermont 2004        NA        NA        -2 0.00000000          0
131        Vermont 2008       -24        NA        -2 0.00000000          0
132       Virginia 2004         6         4         5 1.00000000          1
133       Virginia 2008        -4        -4       -18 0.00000000          0
134       Virginia 2012         2        NA        -4 0.33333333          0
135     Washington 2004        -8        -4       -10 0.00000000          0
136     Washington 2008       -11       -16        -6 0.00000000          0
137     Washington 2012       -13       -14        -8 0.00000000          0
138  West Virginia 2004         6        NA         6 1.00000000          1
139  West Virginia 2008         9        NA        11 1.00000000          1
140  West Virginia 2012        NA        NA         1 1.00000000          1
141      Wisconsin 2004        -1        NA         1 0.53333333          0
142      Wisconsin 2008        -7       -16       -12 0.00000000          0
143      Wisconsin 2012         0        NA        -8 0.00000000          0
144        Wyoming 2004        NA        NA         1 1.00000000          1
145        Wyoming 2008        19        21         3 1.00000000          1
> summary(polling)
         State          Year        Rasmussen          SurveyUSA          DiffCount           PropR          Republican    
 Arizona    :  3   Min.   :2004   Min.   :-41.0000   Min.   :-33.0000   Min.   :-19.000   Min.   :0.0000   Min.   :0.0000  
 Arkansas   :  3   1st Qu.:2004   1st Qu.: -8.0000   1st Qu.:-11.7500   1st Qu.: -6.000   1st Qu.:0.0000   1st Qu.:0.0000  
 California :  3   Median :2008   Median :  1.0000   Median : -2.0000   Median :  1.000   Median :0.6250   Median :1.0000  
 Colorado   :  3   Mean   :2008   Mean   :  0.0404   Mean   : -0.8243   Mean   : -1.269   Mean   :0.5259   Mean   :0.5103  
 Connecticut:  3   3rd Qu.:2012   3rd Qu.:  8.5000   3rd Qu.:  8.0000   3rd Qu.:  4.000   3rd Qu.:1.0000   3rd Qu.:1.0000  
 Florida    :  3   Max.   :2012   Max.   : 39.0000   Max.   : 30.0000   Max.   : 11.000   Max.   :1.0000   Max.   :1.0000  
 (Other)    :127                  NA's   :46         NA's   :71                                                            
> install.packages("mice")
--- Please select a CRAN mirror for use in this session ---
also installing the dependencies ‘Rcpp’, ‘randomForest’

trying URL 'http://cran.cnr.Berkeley.edu/bin/macosx/contrib/3.0/Rcpp_0.11.2.tgz'
Content type 'application/x-gzip' length 2502826 bytes (2.4 Mb)
opened URL
==================================================
downloaded 2.4 Mb

trying URL 'http://cran.cnr.Berkeley.edu/bin/macosx/contrib/3.0/randomForest_4.6-7.tgz'
Content type 'application/x-gzip' length 156470 bytes (152 Kb)
opened URL
==================================================
downloaded 152 Kb

trying URL 'http://cran.cnr.Berkeley.edu/bin/macosx/contrib/3.0/mice_2.22.tgz'
Content type 'application/x-gzip' length 807604 bytes (788 Kb)
opened URL
==================================================
downloaded 788 Kb


The downloaded binary packages are in
	/var/folders/v1/tnqb6wns2wx0th5skv533b1c0000gn/T//RtmpXyTrWV/downloaded_packages
> library("mice")
Loading required package: Rcpp
Loading required package: lattice
mice 2.22 2014-06-10
> simple = polling[c("Rasmussen", "SurveyUSA", "PropR", "DiffCount")]
> summary(simple)
   Rasmussen          SurveyUSA            PropR          DiffCount      
 Min.   :-41.0000   Min.   :-33.0000   Min.   :0.0000   Min.   :-19.000  
 1st Qu.: -8.0000   1st Qu.:-11.7500   1st Qu.:0.0000   1st Qu.: -6.000  
 Median :  1.0000   Median : -2.0000   Median :0.6250   Median :  1.000  
 Mean   :  0.0404   Mean   : -0.8243   Mean   :0.5259   Mean   : -1.269  
 3rd Qu.:  8.5000   3rd Qu.:  8.0000   3rd Qu.:1.0000   3rd Qu.:  4.000  
 Max.   : 39.0000   Max.   : 30.0000   Max.   :1.0000   Max.   : 11.000  
 NA's   :46         NA's   :71                                           
> set.seed(144)
> imputed = complete(mice(simple))

 iter imp variable
  1   1  Rasmussen  SurveyUSA
  1   2  Rasmussen  SurveyUSA
  1   3  Rasmussen  SurveyUSA
  1   4  Rasmussen  SurveyUSA
  1   5  Rasmussen  SurveyUSA
  2   1  Rasmussen  SurveyUSA
  2   2  Rasmussen  SurveyUSA
  2   3  Rasmussen  SurveyUSA
  2   4  Rasmussen  SurveyUSA
  2   5  Rasmussen  SurveyUSA
  3   1  Rasmussen  SurveyUSA
  3   2  Rasmussen  SurveyUSA
  3   3  Rasmussen  SurveyUSA
  3   4  Rasmussen  SurveyUSA
  3   5  Rasmussen  SurveyUSA
  4   1  Rasmussen  SurveyUSA
  4   2  Rasmussen  SurveyUSA
  4   3  Rasmussen  SurveyUSA
  4   4  Rasmussen  SurveyUSA
  4   5  Rasmussen  SurveyUSA
  5   1  Rasmussen  SurveyUSA
  5   2  Rasmussen  SurveyUSA
  5   3  Rasmussen  SurveyUSA
  5   4  Rasmussen  SurveyUSA
  5   5  Rasmussen  SurveyUSA
> summary(imputed)
   Rasmussen         SurveyUSA           PropR          DiffCount      
 Min.   :-41.000   Min.   :-33.000   Min.   :0.0000   Min.   :-19.000  
 1st Qu.: -8.000   1st Qu.:-11.000   1st Qu.:0.0000   1st Qu.: -6.000  
 Median :  3.000   Median :  1.000   Median :0.6250   Median :  1.000  
 Mean   :  1.731   Mean   :  1.517   Mean   :0.5259   Mean   : -1.269  
 3rd Qu.: 11.000   3rd Qu.: 18.000   3rd Qu.:1.0000   3rd Qu.:  4.000  
 Max.   : 39.000   Max.   : 30.000   Max.   :1.0000   Max.   : 11.000  
> polling$Rasmussen = imputed$Rasmussen
> polling$SurveyUSA = imputed$SurveyUSA
> summary(polling)
         State          Year        Rasmussen         SurveyUSA         DiffCount           PropR          Republican    
 Arizona    :  3   Min.   :2004   Min.   :-41.000   Min.   :-33.000   Min.   :-19.000   Min.   :0.0000   Min.   :0.0000  
 Arkansas   :  3   1st Qu.:2004   1st Qu.: -8.000   1st Qu.:-11.000   1st Qu.: -6.000   1st Qu.:0.0000   1st Qu.:0.0000  
 California :  3   Median :2008   Median :  3.000   Median :  1.000   Median :  1.000   Median :0.6250   Median :1.0000  
 Colorado   :  3   Mean   :2008   Mean   :  1.731   Mean   :  1.517   Mean   : -1.269   Mean   :0.5259   Mean   :0.5103  
 Connecticut:  3   3rd Qu.:2012   3rd Qu.: 11.000   3rd Qu.: 18.000   3rd Qu.:  4.000   3rd Qu.:1.0000   3rd Qu.:1.0000  
 Florida    :  3   Max.   :2012   Max.   : 39.000   Max.   : 30.000   Max.   : 11.000   Max.   :1.0000   Max.   :1.0000  
 (Other)    :127                                                                                                         
> Train = subset(polling, Year == 2004 | Year ==2008)
> Test = subset(polling, Year == 2012)
> table(Train$Republican)

 0  1 
47 53 
> sign(20)
[1] 1
> sign(-10)
[1] -1
> sign(0)
[1] 0
> table(sign(Train$Rasmussen))

-1  0  1 
42  3 55 
> table(Train$Republican, sign(Train$Rasmussen))
   
    -1  0  1
  0 42  2  3
  1  0  1 52
> cor(Train)
Error in cor(Train) : 'x' must be numeric
> str(Train)
'data.frame':	100 obs. of  7 variables:
 $ State     : Factor w/ 50 levels "Alabama","Alaska",..: 1 1 2 2 3 3 4 4 5 5 ...
 $ Year      : int  2004 2008 2004 2008 2004 2008 2004 2008 2004 2008 ...
 $ Rasmussen : int  11 21 16 16 5 5 7 10 -11 -27 ...
 $ SurveyUSA : int  18 25 21 21 15 8 5 9 -11 -24 ...
 $ DiffCount : int  5 5 1 6 8 9 8 5 -8 -5 ...
 $ PropR     : num  1 1 1 1 1 1 1 1 0 0 ...
 $ Republican: int  1 1 1 1 1 1 1 1 0 0 ...
> cor(Train[c("Rasmussen", "SurveryUSA", "PropR", "DiffCount", "Republican")])
Error in `[.data.frame`(Train, c("Rasmussen", "SurveryUSA", "PropR", "DiffCount",  : 
  undefined columns selected
> cor(Train[c("Rasmussen", "SurveyUSA", "PropR", "DiffCount", "Republican")])
           Rasmussen SurveyUSA     PropR DiffCount Republican
Rasmussen  1.0000000 0.9194508 0.8404803 0.5124098  0.8021191
SurveyUSA  0.9194508 1.0000000 0.8756581 0.5541816  0.8205806
PropR      0.8404803 0.8756581 1.0000000 0.8273785  0.9484204
DiffCount  0.5124098 0.5541816 0.8273785 1.0000000  0.8092777
Republican 0.8021191 0.8205806 0.9484204 0.8092777  1.0000000
> mod1 = glm(Republican ~PropR, data=Train, family="binomial")
> summary(mod1)

Call:
glm(formula = Republican ~ PropR, family = "binomial", data = Train)

Deviance Residuals: 
     Min        1Q    Median        3Q       Max  
-2.22880  -0.06541   0.10260   0.10260   1.37392  

Coefficients:
            Estimate Std. Error z value Pr(>|z|)    
(Intercept)   -6.146      1.977  -3.108 0.001882 ** 
PropR         11.390      3.153   3.613 0.000303 ***
---
Signif. codes:  0 ‘***’ 0.001 ‘**’ 0.01 ‘*’ 0.05 ‘.’ 0.1 ‘ ’ 1

(Dispersion parameter for binomial family taken to be 1)

    Null deviance: 138.269  on 99  degrees of freedom
Residual deviance:  15.772  on 98  degrees of freedom
AIC: 19.772

Number of Fisher Scoring iterations: 8

> pred1 = predict(mod1, type="response")
> table(Train$Republican, pred1 >= 0.5)
   
    FALSE TRUE
  0    45    2
  1     2   51
> mod2 = glm(Republican ~SurveyUSA+DiffCount, data=Train, family="binomial")
> pred2 = predict(mod2, type="response")
> table(Train$Republican, pred2 >= 0.5)
   
    FALSE TRUE
  0    45    2
  1     1   52
> summary(mod2)

Call:
glm(formula = Republican ~ SurveyUSA + DiffCount, family = "binomial", 
    data = Train)

Deviance Residuals: 
     Min        1Q    Median        3Q       Max  
-2.01196  -0.00698   0.01005   0.05074   1.54975  

Coefficients:
            Estimate Std. Error z value Pr(>|z|)  
(Intercept)  -1.1405     1.2456  -0.916   0.3599  
SurveyUSA     0.2976     0.1949   1.527   0.1267  
DiffCount     0.7673     0.4188   1.832   0.0669 .
---
Signif. codes:  0 ‘***’ 0.001 ‘**’ 0.01 ‘*’ 0.05 ‘.’ 0.1 ‘ ’ 1

(Dispersion parameter for binomial family taken to be 1)

    Null deviance: 138.269  on 99  degrees of freedom
Residual deviance:  12.439  on 97  degrees of freedom
AIC: 18.439

Number of Fisher Scoring iterations: 10

> table(Test$Republican, sign(Test$Rasmussen))
   
    -1  0  1
  0 18  2  4
  1  0  0 21
> TestPrediction = predict(mod2, newdata=Test, type="response")
> table(Test$Republican, TestPrediction >= 0.5)
   
    FALSE TRUE
  0    23    1
  1     0   21
> subset(Test, TestPrediction >= 0.5 & Republican ==0)
     State Year Rasmussen SurveyUSA DiffCount     PropR Republican
24 Florida 2012         2         0         6 0.6666667          0
> 